Compiling lib\main.dart for the Web...                          
flutter : Unexpected wasm dry run failure (255):
строка:1 знак:1
+ flutter build web > build_errors.txt 2>&1; cat build_errors.txt
+ ~~~~~~~~~~~~~~~~~~~~~~~~~~~~~~~~~~~~~~~~~
    + CategoryInfo          : NotSpecified: (Unexpected wasm dry run failure (255)::String) [], RemoteException
    + FullyQualifiedErrorId : NativeCommandError
 

Unhandled exception:
Unsupported operation: Cannot extract a file path from a org-dartlang-untranslatable-uri URI
#0      _Uri.toFilePath (dart:core/uri.dart:3432)
#1      DryRunSummarizer._lintChecks (package:dart2wasm/dry_run.dart:167)
#2      DryRunSummarizer.summarize (package:dart2wasm/dry_run.dart:236)
#3      _runCfePhase (package:dart2wasm/compile.dart:355)
<asynchronous suspension>
#4      compile (package:dart2wasm/compile.dart:222)
<asynchronous suspension>
#5      generateWasm (package:dart2wasm/generate_wasm.dart:63)
<asynchronous suspension>
#6      main (file:///C:/b/s/w/ir/x/w/sdk/pkg/dart2wasm/bin/dart2wasm.dart:10)
<asynchronous suspension>

Use --no-wasm-dry-run to disable these warnings.
Target dart2js failed: ProcessException: Process exited abnormally with exit code 1:
Error: Couldn't resolve the package 'intl' in 'package:intl/intl.dart'.
lib/screens/scheduler/scheduler_screen.dart:3:8:
Error: Not found: 'package:intl/intl.dart'
import 'package:intl/intl.dart';
       ^
lib/screens/scheduler/widgets/heatmap_grid.dart:2:8:
Error: Not found: 'package:intl/intl.dart'
import 'package:intl/intl.dart';
       ^
lib/screens/scheduler/widgets/heatmap_grid.dart:4:8:
Error: Error when reading 'lib/screens/providers/scheduler_provider.dart': Error reading 'lib/screens/providers/schedul
er_provider.dart'  (╨а╨О╨а╤С╨б╨Г╨бтАЪ╨а┬╡╨а╤Ш╨а┬╡ ╨а╨Е╨а┬╡ ╨б╤У╨а╥С╨а┬░╨а┬╡╨бтАЪ╨б╨Г╨б╨П ╨а╨Е╨а┬░╨атДЦ╨бтАЪ╨а╤С ╨б╤У╨а╤
Ф╨а┬░╨а┬╖╨а┬░╨а╨Е╨а╨Е╨бтА╣╨атДЦ ╨а╤Ч╨б╤У╨бтАЪ╨б╨К)
import '../../providers/scheduler_provider.dart';
       ^
lib/main.dart:63:35:
Error: The method 'getStartParam' isn't defined for the type 'TelegramService'.
 - 'TelegramService' is from 'package:smart_scheduler_frontend/core/telegram/telegram_service.dart' ('lib/core/telegram
/telegram_service.dart').
      final startParam = telegram.getStartParam();
                                  ^^^^^^^^^^^^^
lib/screens/scheduler/scheduler_screen.dart:168:27:
Error: The method 'DateFormat' isn't defined for the type '_SchedulerScreenState'.
 - '_SchedulerScreenState' is from 'package:smart_scheduler_frontend/screens/scheduler/scheduler_screen.dart' ('lib/scr
eens/scheduler/scheduler_screen.dart').
                          DateFormat('E').format(day),
                          ^^^^^^^^^^
lib/screens/scheduler/scheduler_screen.dart:339:44:
Error: The method 'DateFormat' isn't defined for the type '_SchedulerScreenState'.
 - '_SchedulerScreenState' is from 'package:smart_scheduler_frontend/screens/scheduler/scheduler_screen.dart' ('lib/scr
eens/scheduler/scheduler_screen.dart').
                        final timeStr = "${DateFormat('EEEE, d MMMM, HH:mm').format(slot.start)}";
                                           ^^^^^^^^^^
lib/screens/scheduler/widgets/heatmap_grid.dart:99:61:
Error: The getter 'availability' isn't defined for the type 'TimeSlot'.
 - 'TimeSlot' is from 'package:smart_scheduler_frontend/models/time_slot.dart' ('lib/models/time_slot.dart').
                                color: slot != null && slot.availability == 1.0 
                                                            ^^^^^^^^^^^^
lib/screens/scheduler/widgets/heatmap_grid.dart:104:63:
Error: The getter 'availability' isn't defined for the type 'TimeSlot'.
 - 'TimeSlot' is from 'package:smart_scheduler_frontend/models/time_slot.dart' ('lib/models/time_slot.dart').
                              boxShadow: slot != null && slot.availability == 1.0
                                                              ^^^^^^^^^^^^
lib/screens/scheduler/widgets/heatmap_grid.dart:111:46:
Error: The getter 'availability' isn't defined for the type 'TimeSlot'.
 - 'TimeSlot' is from 'package:smart_scheduler_frontend/models/time_slot.dart' ('lib/models/time_slot.dart').
                                    "${(slot.availability * 100).toInt()}%",
                                             ^^^^^^^^^^^^
lib/screens/scheduler/widgets/heatmap_grid.dart:115:51:
Error: The getter 'availability' isn't defined for the type 'TimeSlot'.
 - 'TimeSlot' is from 'package:smart_scheduler_frontend/models/time_slot.dart' ('lib/models/time_slot.dart').
                                      color: slot.availability > 0.5 ? Colors.white : Colors.white70,
                                                  ^^^^^^^^^^^^
lib/screens/scheduler/widgets/heatmap_grid.dart:137:22:
Error: The getter 'availability' isn't defined for the type 'TimeSlot'.
 - 'TimeSlot' is from 'package:smart_scheduler_frontend/models/time_slot.dart' ('lib/models/time_slot.dart').
    final val = slot.availability;
                     ^^^^^^^^^^^^
Error: Compilation failed.
  Command: C:\flutter\bin\cache\dart-sdk\bin\dart.exe compile js --platform-binaries=C:\flutter\bin\cache\flutter_web_s
dk\kernel --invoker=flutter_tool -Ddart.vm.product=true -DFLUTTER_VERSION=3.41.3 -DFLUTTER_CHANNEL=stable -DFLUTTER_GIT
_URL=https://github.com/flutter/flutter.git -DFLUTTER_FRAMEWORK_REVISION=48c32af034 -DFLUTTER_ENGINE_REVISION=327ed8145
0 -DFLUTTER_DART_VERSION=3.11.1 -DFLUTTER_WEB_USE_SKIA=true -DFLUTTER_WEB_USE_SKWASM=false -DFLUTTER_WEB_CANVASKIT_URL=
https://www.gstatic.com/flutter-canvaskit/327ed814500baca0480a02f8555aa84a9afe32bf/ --native-null-assertions --no-sourc
e-maps -O4 --minify -o C:\Users\dimso\Documents\Fluttergames\free time app\frontend\.dart_tool\flutter_build\a5dd7df9cd
2b92a67cdf2a162336185d\app.dill --packages=C:\Users\dimso\Documents\Fluttergames\free time app\frontend\.dart_tool\pack
age_config.json --cfe-only C:\Users\dimso\Documents\Fluttergames\free time app\frontend\.dart_tool\flutter_build\a5dd7d
f9cd2b92a67cdf2a162336185d\main.dart
#0      RunResult.throwException (package:flutter_tools/src/base/process.dart:153:5)
#1      _DefaultProcessUtils.run (package:flutter_tools/src/base/process.dart:379:19)
<asynchronous suspension>
#2      Dart2JSTarget.build (package:flutter_tools/src/build_system/targets/web.dart:208:5)
<asynchronous suspension>
#3      _BuildInstance._invokeInternal (package:flutter_tools/src/build_system/build_system.dart:937:9)
<asynchronous suspension>
#4      Future.wait.<anonymous closure> (dart:async/future.dart:546:21)
<asynchronous suspension>
#5      _BuildInstance.invokeTarget (package:flutter_tools/src/build_system/build_system.dart:875:32)
<asynchronous suspension>
#6      Future.wait.<anonymous closure> (dart:async/future.dart:546:21)
<asynchronous suspension>
#7      _BuildInstance.invokeTarget (package:flutter_tools/src/build_system/build_system.dart:875:32)
<asynchronous suspension>
#8      FlutterBuildSystem.build (package:flutter_tools/src/build_system/build_system.dart:684:16)
<asynchronous suspension>
#9      WebBuilder.buildWeb (package:flutter_tools/src/web/compile.dart:107:34)
<asynchronous suspension>
#10     BuildWebCommand.runCommand (package:flutter_tools/src/commands/build_web.dart:300:5)
<asynchronous suspension>
#11     FlutterCommand.run.<anonymous closure> (package:flutter_tools/src/runner/flutter_command.dart:1590:27)
<asynchronous suspension>
#12     AppContext.run.<anonymous closure> (package:flutter_tools/src/base/context.dart:154:19)
<asynchronous suspension>
#13     CommandRunner.runCommand (package:args/command_runner.dart:212:13)
<asynchronous suspension>
#14     FlutterCommandRunner.runCommand.<anonymous closure> (package:flutter_tools/src/runner/flutter_command_runner.da
rt:496:9)
<asynchronous suspension>
#15     AppContext.run.<anonymous closure> (package:flutter_tools/src/base/context.dart:154:19)
<asynchronous suspension>
#16     FlutterCommandRunner.runCommand (package:flutter_tools/src/runner/flutter_command_runner.dart:431:5)
<asynchronous suspension>
#17     FlutterCommandRunner.run.<anonymous closure> (package:flutter_tools/src/runner/flutter_command_runner.dart:307:
33)
<asynchronous suspension>
#18     run.<anonymous closure>.<anonymous closure> (package:flutter_tools/runner.dart:104:11)
<asynchronous suspension>
#19     AppContext.run.<anonymous closure> (package:flutter_tools/src/base/context.dart:154:19)
<asynchronous suspension>
#20     main (package:flutter_tools/executable.dart:103:3)
<asynchronous suspension>

Compiling lib\main.dart for the Web...                             12,4s
Error: Failed to compile application for the Web.
