00:00 +0: loading C:/Users/dimso/Documents/Fluttergames/free time app/frontend/test/golden/heatmap_test.dart
Warning: A tag was used that wasn't specified in dart_test.yaml.
  golden was used in:
    the test "HeatmapGrid Golden Tests Personal Heatmap - Moscow TZ"
    the test "HeatmapGrid Golden Tests Multi-TZ Group Heatmap - NY vs Moscow"
    the test "HeatmapGrid Golden Tests Timezone Shift - Grid updates on TZ change"
    the test "HeatmapGrid Golden Tests Fractional Working Hours - 09:30-17:45"
    the test "HeatmapGrid Golden Tests Unified UI Check - No redundant green slots"

00:00 +0: (setUpAll)
00:00 +0: HeatmapGrid Golden Tests Personal Heatmap - Moscow TZ
тХРтХРтХб EXCEPTION CAUGHT BY FLUTTER TEST FRAMEWORK тХЮтХРтХРтХРтХРтХРтХРтХРтХРтХРтХРтХРтХРтХРтХРтХРтХРтХРтХРтХРтХРтХРтХРтХРтХРтХРтХРтХРтХРтХРтХРтХРтХРтХРтХРтХРтХРтХРтХРтХРтХРтХРтХРтХРтХРтХРтХРтХРтХРтХРтХРтХРтХР
The following assertion was thrown while running async test code:
Golden "goldens/heatmap_grid_moscow.png": Pixel test failed, 5.43%, 18731px diff detected.
Failure feedback can be found at
/C:/Users/dimso/Documents/Fluttergames/free%20time%20app/frontend/test/golden/failures

When the exception was thrown, this was the stack:
#0      LocalFileComparator.compare (package:flutter_test/src/_goldens_io.dart:108:5)
<asynchronous suspension>
#1      MatchesGoldenFile.matchAsync.<anonymous closure> (package:flutter_test/src/_matchers_io.dart:124:32)
<asynchronous suspension>
<asynchronous suspension>
#3      _expect.<anonymous closure> (package:matcher/src/expect/expect.dart:153:17)
<asynchronous suspension>
<asynchronous suspension>
#5      expectLater.<anonymous closure> (package:flutter_test/src/widget_tester.dart:508:19)
<asynchronous suspension>
#6      compareWithGolden (package:golden_toolkit/src/testing_tools.dart:296:3)
<asynchronous suspension>
#7      main.<anonymous closure>.<anonymous closure> (file:///C:/Users/dimso/Documents/Fluttergames/free%20time%20app/frontend/test/golden/heatmap_test.dart:92:7)
<asynchronous suspension>
#8      testGoldens.<anonymous closure>.body (package:golden_toolkit/src/testing_tools.dart:167:11)
<asynchronous suspension>
#9      testGoldens.<anonymous closure> (package:golden_toolkit/src/testing_tools.dart:177:9)
<asynchronous suspension>
#10     testWidgets.<anonymous closure>.<anonymous closure> (package:flutter_test/src/widget_tester.dart:192:15)
<asynchronous suspension>
#11     TestWidgetsFlutterBinding._runTestBody (package:flutter_test/src/binding.dart:1682:5)
<asynchronous suspension>
<asynchronous suspension>
(elided 3 frames from dart:async and package:stack_trace)

The exception was caught asynchronously.
тХРтХРтХРтХРтХРтХРтХРтХРтХРтХРтХРтХРтХРтХРтХРтХРтХРтХРтХРтХРтХРтХРтХРтХРтХРтХРтХРтХРтХРтХРтХРтХРтХРтХРтХРтХРтХРтХРтХРтХРтХРтХРтХРтХРтХРтХРтХРтХРтХРтХРтХРтХРтХРтХРтХРтХРтХРтХРтХРтХРтХРтХРтХРтХРтХРтХРтХРтХРтХРтХРтХРтХРтХРтХРтХРтХРтХРтХРтХРтХРтХРтХРтХРтХРтХРтХРтХРтХРтХРтХРтХРтХРтХРтХРтХРтХРтХРтХРтХРтХР
00:01 +0 -1: HeatmapGrid Golden Tests Personal Heatmap - Moscow TZ [E]
  Test failed. See exception logs above.
  The test description was: Personal Heatmap - Moscow TZ
  
00:01 +0 -1: HeatmapGrid Golden Tests Multi-TZ Group Heatmap - NY vs Moscow
тХРтХРтХб EXCEPTION CAUGHT BY FLUTTER TEST FRAMEWORK тХЮтХРтХРтХРтХРтХРтХРтХРтХРтХРтХРтХРтХРтХРтХРтХРтХРтХРтХРтХРтХРтХРтХРтХРтХРтХРтХРтХРтХРтХРтХРтХРтХРтХРтХРтХРтХРтХРтХРтХРтХРтХРтХРтХРтХРтХРтХРтХРтХРтХРтХРтХРтХР
The following assertion was thrown while running async test code:
Golden "goldens/heatmap_grid_ny.png": Pixel test failed, 5.52%, 19049px diff detected.
Failure feedback can be found at
/C:/Users/dimso/Documents/Fluttergames/free%20time%20app/frontend/test/golden/failures

When the exception was thrown, this was the stack:
#0      LocalFileComparator.compare (package:flutter_test/src/_goldens_io.dart:108:5)
<asynchronous suspension>
#1      MatchesGoldenFile.matchAsync.<anonymous closure> (package:flutter_test/src/_matchers_io.dart:124:32)
<asynchronous suspension>
<asynchronous suspension>
#3      _expect.<anonymous closure> (package:matcher/src/expect/expect.dart:153:17)
<asynchronous suspension>
<asynchronous suspension>
#5      expectLater.<anonymous closure> (package:flutter_test/src/widget_tester.dart:508:19)
<asynchronous suspension>
#6      compareWithGolden (package:golden_toolkit/src/testing_tools.dart:296:3)
<asynchronous suspension>
#7      main.<anonymous closure>.<anonymous closure> (file:///C:/Users/dimso/Documents/Fluttergames/free%20time%20app/frontend/test/golden/heatmap_test.dart:147:7)
<asynchronous suspension>
#8      testGoldens.<anonymous closure>.body (package:golden_toolkit/src/testing_tools.dart:167:11)
<asynchronous suspension>
#9      testGoldens.<anonymous closure> (package:golden_toolkit/src/testing_tools.dart:177:9)
<asynchronous suspension>
#10     testWidgets.<anonymous closure>.<anonymous closure> (package:flutter_test/src/widget_tester.dart:192:15)
<asynchronous suspension>
#11     TestWidgetsFlutterBinding._runTestBody (package:flutter_test/src/binding.dart:1682:5)
<asynchronous suspension>
<asynchronous suspension>
(elided 3 frames from dart:async and package:stack_trace)

The exception was caught asynchronously.
тХРтХРтХРтХРтХРтХРтХРтХРтХРтХРтХРтХРтХРтХРтХРтХРтХРтХРтХРтХРтХРтХРтХРтХРтХРтХРтХРтХРтХРтХРтХРтХРтХРтХРтХРтХРтХРтХРтХРтХРтХРтХРтХРтХРтХРтХРтХРтХРтХРтХРтХРтХРтХРтХРтХРтХРтХРтХРтХРтХРтХРтХРтХРтХРтХРтХРтХРтХРтХРтХРтХРтХРтХРтХРтХРтХРтХРтХРтХРтХРтХРтХРтХРтХРтХРтХРтХРтХРтХРтХРтХРтХРтХРтХРтХРтХРтХРтХРтХРтХР
00:02 +0 -2: HeatmapGrid Golden Tests Multi-TZ Group Heatmap - NY vs Moscow [E]
  Test failed. See exception logs above.
  The test description was: Multi-TZ Group Heatmap - NY vs Moscow
  
00:02 +0 -2: HeatmapGrid Golden Tests Timezone Shift - Grid updates on TZ change
тХРтХРтХб EXCEPTION CAUGHT BY FLUTTER TEST FRAMEWORK тХЮтХРтХРтХРтХРтХРтХРтХРтХРтХРтХРтХРтХРтХРтХРтХРтХРтХРтХРтХРтХРтХРтХРтХРтХРтХРтХРтХРтХРтХРтХРтХРтХРтХРтХРтХРтХРтХРтХРтХРтХРтХРтХРтХРтХРтХРтХРтХРтХРтХРтХРтХРтХР
The following assertion was thrown while running async test code:
Golden "goldens/heatmap_shift_utc.png": Pixel test failed, 5.43%, 18731px diff detected.
Failure feedback can be found at
/C:/Users/dimso/Documents/Fluttergames/free%20time%20app/frontend/test/golden/failures

When the exception was thrown, this was the stack:
#0      LocalFileComparator.compare (package:flutter_test/src/_goldens_io.dart:108:5)
<asynchronous suspension>
#1      MatchesGoldenFile.matchAsync.<anonymous closure> (package:flutter_test/src/_matchers_io.dart:124:32)
<asynchronous suspension>
<asynchronous suspension>
#3      _expect.<anonymous closure> (package:matcher/src/expect/expect.dart:153:17)
<asynchronous suspension>
<asynchronous suspension>
#5      expectLater.<anonymous closure> (package:flutter_test/src/widget_tester.dart:508:19)
<asynchronous suspension>
#6      compareWithGolden (package:golden_toolkit/src/testing_tools.dart:296:3)
<asynchronous suspension>
#7      main.<anonymous closure>.<anonymous closure> (file:///C:/Users/dimso/Documents/Fluttergames/free%20time%20app/frontend/test/golden/heatmap_test.dart:188:7)
<asynchronous suspension>
#8      testGoldens.<anonymous closure>.body (package:golden_toolkit/src/testing_tools.dart:167:11)
<asynchronous suspension>
#9      testGoldens.<anonymous closure> (package:golden_toolkit/src/testing_tools.dart:177:9)
<asynchronous suspension>
#10     testWidgets.<anonymous closure>.<anonymous closure> (package:flutter_test/src/widget_tester.dart:192:15)
<asynchronous suspension>
#11     TestWidgetsFlutterBinding._runTestBody (package:flutter_test/src/binding.dart:1682:5)
<asynchronous suspension>
<asynchronous suspension>
(elided 3 frames from dart:async and package:stack_trace)

The exception was caught asynchronously.
тХРтХРтХРтХРтХРтХРтХРтХРтХРтХРтХРтХРтХРтХРтХРтХРтХРтХРтХРтХРтХРтХРтХРтХРтХРтХРтХРтХРтХРтХРтХРтХРтХРтХРтХРтХРтХРтХРтХРтХРтХРтХРтХРтХРтХРтХРтХРтХРтХРтХРтХРтХРтХРтХРтХРтХРтХРтХРтХРтХРтХРтХРтХРтХРтХРтХРтХРтХРтХРтХРтХРтХРтХРтХРтХРтХРтХРтХРтХРтХРтХРтХРтХРтХРтХРтХРтХРтХРтХРтХРтХРтХРтХРтХРтХРтХРтХРтХРтХРтХР
тХРтХРтХб EXCEPTION CAUGHT BY FLUTTER TEST FRAMEWORK тХЮтХРтХРтХРтХРтХРтХРтХРтХРтХРтХРтХРтХРтХРтХРтХРтХРтХРтХРтХРтХРтХРтХРтХРтХРтХРтХРтХРтХРтХРтХРтХРтХРтХРтХРтХРтХРтХРтХРтХРтХРтХРтХРтХРтХРтХРтХРтХРтХРтХРтХРтХРтХР
The following assertion was thrown while running async test code:
Golden "goldens/heatmap_shift_tokyo.png": Pixel test failed, 5.43%, 18731px diff detected.
Failure feedback can be found at
/C:/Users/dimso/Documents/Fluttergames/free%20time%20app/frontend/test/golden/failures

When the exception was thrown, this was the stack:
#0      LocalFileComparator.compare (package:flutter_test/src/_goldens_io.dart:108:5)
<asynchronous suspension>
#1      MatchesGoldenFile.matchAsync.<anonymous closure> (package:flutter_test/src/_matchers_io.dart:124:32)
<asynchronous suspension>
<asynchronous suspension>
#3      _expect.<anonymous closure> (package:matcher/src/expect/expect.dart:153:17)
<asynchronous suspension>
<asynchronous suspension>
#5      expectLater.<anonymous closure> (package:flutter_test/src/widget_tester.dart:508:19)
<asynchronous suspension>
#6      compareWithGolden (package:golden_toolkit/src/testing_tools.dart:296:3)
<asynchronous suspension>
#7      main.<anonymous closure>.<anonymous closure> (file:///C:/Users/dimso/Documents/Fluttergames/free%20time%20app/frontend/test/golden/heatmap_test.dart:198:7)
<asynchronous suspension>
#8      testGoldens.<anonymous closure>.body (package:golden_toolkit/src/testing_tools.dart:167:11)
<asynchronous suspension>
#9      testGoldens.<anonymous closure> (package:golden_toolkit/src/testing_tools.dart:177:9)
<asynchronous suspension>
#10     testWidgets.<anonymous closure>.<anonymous closure> (package:flutter_test/src/widget_tester.dart:192:15)
<asynchronous suspension>
#11     TestWidgetsFlutterBinding._runTestBody (package:flutter_test/src/binding.dart:1682:5)
<asynchronous suspension>
<asynchronous suspension>
(elided 3 frames from dart:async and package:stack_trace)

The exception was caught asynchronously.
тХРтХРтХРтХРтХРтХРтХРтХРтХРтХРтХРтХРтХРтХРтХРтХРтХРтХРтХРтХРтХРтХРтХРтХРтХРтХРтХРтХРтХРтХРтХРтХРтХРтХРтХРтХРтХРтХРтХРтХРтХРтХРтХРтХРтХРтХРтХРтХРтХРтХРтХРтХРтХРтХРтХРтХРтХРтХРтХРтХРтХРтХРтХРтХРтХРтХРтХРтХРтХРтХРтХРтХРтХРтХРтХРтХРтХРтХРтХРтХРтХРтХРтХРтХРтХРтХРтХРтХРтХРтХРтХРтХРтХРтХРтХРтХРтХРтХРтХРтХР
тХРтХРтХб EXCEPTION CAUGHT BY FLUTTER TEST FRAMEWORK тХЮтХРтХРтХРтХРтХРтХРтХРтХРтХРтХРтХРтХРтХРтХРтХРтХРтХРтХРтХРтХРтХРтХРтХРтХРтХРтХРтХРтХРтХРтХРтХРтХРтХРтХРтХРтХРтХРтХРтХРтХРтХРтХРтХРтХРтХРтХРтХРтХРтХРтХРтХРтХР
The following message was thrown:
Multiple exceptions (2) were detected during the running of the current test, and at least one was
unexpected.
тХРтХРтХРтХРтХРтХРтХРтХРтХРтХРтХРтХРтХРтХРтХРтХРтХРтХРтХРтХРтХРтХРтХРтХРтХРтХРтХРтХРтХРтХРтХРтХРтХРтХРтХРтХРтХРтХРтХРтХРтХРтХРтХРтХРтХРтХРтХРтХРтХРтХРтХРтХРтХРтХРтХРтХРтХРтХРтХРтХРтХРтХРтХРтХРтХРтХРтХРтХРтХРтХРтХРтХРтХРтХРтХРтХРтХРтХРтХРтХРтХРтХРтХРтХРтХРтХРтХРтХРтХРтХРтХРтХРтХРтХРтХРтХРтХРтХРтХРтХР
00:02 +0 -3: HeatmapGrid Golden Tests Timezone Shift - Grid updates on TZ change [E]
  Test failed. See exception logs above.
  The test description was: Timezone Shift - Grid updates on TZ change
  
00:02 +0 -3: HeatmapGrid Golden Tests Fractional Working Hours - 09:30-17:45
тХРтХРтХб EXCEPTION CAUGHT BY FLUTTER TEST FRAMEWORK тХЮтХРтХРтХРтХРтХРтХРтХРтХРтХРтХРтХРтХРтХРтХРтХРтХРтХРтХРтХРтХРтХРтХРтХРтХРтХРтХРтХРтХРтХРтХРтХРтХРтХРтХРтХРтХРтХРтХРтХРтХРтХРтХРтХРтХРтХРтХРтХРтХРтХРтХРтХРтХР
The following assertion was thrown while running async test code:
Golden "goldens/heatmap_grid_fractional.png": Pixel test failed, 4.43%, 15281px diff detected.
Failure feedback can be found at
/C:/Users/dimso/Documents/Fluttergames/free%20time%20app/frontend/test/golden/failures

When the exception was thrown, this was the stack:
#0      LocalFileComparator.compare (package:flutter_test/src/_goldens_io.dart:108:5)
<asynchronous suspension>
#1      MatchesGoldenFile.matchAsync.<anonymous closure> (package:flutter_test/src/_matchers_io.dart:124:32)
<asynchronous suspension>
<asynchronous suspension>
#3      _expect.<anonymous closure> (package:matcher/src/expect/expect.dart:153:17)
<asynchronous suspension>
<asynchronous suspension>
#5      expectLater.<anonymous closure> (package:flutter_test/src/widget_tester.dart:508:19)
<asynchronous suspension>
#6      compareWithGolden (package:golden_toolkit/src/testing_tools.dart:296:3)
<asynchronous suspension>
#7      main.<anonymous closure>.<anonymous closure> (file:///C:/Users/dimso/Documents/Fluttergames/free%20time%20app/frontend/test/golden/heatmap_test.dart:233:7)
<asynchronous suspension>
#8      testGoldens.<anonymous closure>.body (package:golden_toolkit/src/testing_tools.dart:167:11)
<asynchronous suspension>
#9      testGoldens.<anonymous closure> (package:golden_toolkit/src/testing_tools.dart:177:9)
<asynchronous suspension>
#10     testWidgets.<anonymous closure>.<anonymous closure> (package:flutter_test/src/widget_tester.dart:192:15)
<asynchronous suspension>
#11     TestWidgetsFlutterBinding._runTestBody (package:flutter_test/src/binding.dart:1682:5)
<asynchronous suspension>
<asynchronous suspension>
(elided 3 frames from dart:async and package:stack_trace)

The exception was caught asynchronously.
тХРтХРтХРтХРтХРтХРтХРтХРтХРтХРтХРтХРтХРтХРтХРтХРтХРтХРтХРтХРтХРтХРтХРтХРтХРтХРтХРтХРтХРтХРтХРтХРтХРтХРтХРтХРтХРтХРтХРтХРтХРтХРтХРтХРтХРтХРтХРтХРтХРтХРтХРтХРтХРтХРтХРтХРтХРтХРтХРтХРтХРтХРтХРтХРтХРтХРтХРтХРтХРтХРтХРтХРтХРтХРтХРтХРтХРтХРтХРтХРтХРтХРтХРтХРтХРтХРтХРтХРтХРтХРтХРтХРтХРтХРтХРтХРтХРтХРтХРтХР
00:03 +0 -4: HeatmapGrid Golden Tests Fractional Working Hours - 09:30-17:45 [E]
  Test failed. See exception logs above.
  The test description was: Fractional Working Hours - 09:30-17:45
  
00:03 +0 -4: HeatmapGrid Golden Tests Unified UI Check - No redundant green slots
тХРтХРтХб EXCEPTION CAUGHT BY FLUTTER TEST FRAMEWORK тХЮтХРтХРтХРтХРтХРтХРтХРтХРтХРтХРтХРтХРтХРтХРтХРтХРтХРтХРтХРтХРтХРтХРтХРтХРтХРтХРтХРтХРтХРтХРтХРтХРтХРтХРтХРтХРтХРтХРтХРтХРтХРтХРтХРтХРтХРтХРтХРтХРтХРтХРтХРтХР
The following TestFailure was thrown running a test:
Expected: one widget whose rasterized image matches golden image "goldens/heatmap_unified_solo.png"
  Actual: _FirstWidgetFinder:<Found 1 widget with widget matching predicate (ignoring all but
first): [
            View(state: _ViewState#4b444),
          ]>
   Which: Could not be compared against non-existent file: "goldens/heatmap_unified_solo.png"

When the exception was thrown, this was the stack:
#0      fail (package:matcher/src/expect/expect.dart:187:31)
#1      _expect.<anonymous closure> (package:matcher/src/expect/expect.dart:155:13)
<asynchronous suspension>
<asynchronous suspension>
#8      expectLater.<anonymous closure> (package:flutter_test/src/widget_tester.dart:508:19)
<asynchronous suspension>
#9      compareWithGolden (package:golden_toolkit/src/testing_tools.dart:296:3)
<asynchronous suspension>
#10     main.<anonymous closure>.<anonymous closure> (file:///C:/Users/dimso/Documents/Fluttergames/free%20time%20app/frontend/test/golden/heatmap_test.dart:269:7)
<asynchronous suspension>
#11     testGoldens.<anonymous closure>.body (package:golden_toolkit/src/testing_tools.dart:167:11)
<asynchronous suspension>
#12     testGoldens.<anonymous closure> (package:golden_toolkit/src/testing_tools.dart:177:9)
<asynchronous suspension>
#13     testWidgets.<anonymous closure>.<anonymous closure> (package:flutter_test/src/widget_tester.dart:192:15)
<asynchronous suspension>
#14     TestWidgetsFlutterBinding._runTestBody (package:flutter_test/src/binding.dart:1682:5)
<asynchronous suspension>
<asynchronous suspension>
(elided 7 frames from dart:async and package:stack_trace)

The test description was:
  Unified UI Check - No redundant green slots
тХРтХРтХРтХРтХРтХРтХРтХРтХРтХРтХРтХРтХРтХРтХРтХРтХРтХРтХРтХРтХРтХРтХРтХРтХРтХРтХРтХРтХРтХРтХРтХРтХРтХРтХРтХРтХРтХРтХРтХРтХРтХРтХРтХРтХРтХРтХРтХРтХРтХРтХРтХРтХРтХРтХРтХРтХРтХРтХРтХРтХРтХРтХРтХРтХРтХРтХРтХРтХРтХРтХРтХРтХРтХРтХРтХРтХРтХРтХРтХРтХРтХРтХРтХРтХРтХРтХРтХРтХРтХРтХРтХРтХРтХРтХРтХРтХРтХРтХРтХР
00:03 +0 -5: HeatmapGrid Golden Tests Unified UI Check - No redundant green slots [E]
  Test failed. See exception logs above.
  The test description was: Unified UI Check - No redundant green slots
  
00:03 +0 -5: (tearDownAll)
00:03 +0 -5: Some tests failed.
